2019-03-05T02:41:44.826+0000: 7.395: Application time: 0.0425106 seconds
2019-03-05T02:41:44.826+0000: 7.395: Total time for which application threads were stopped: 0.0001693 seconds, Stopping threads took: 0.0000766 seconds
2019-03-05T02:41:44.935+0000: 7.504: Application time: 0.1087838 seconds
2019-03-05T02:41:44.935+0000: 7.504: Total time for which application threads were stopped: 0.0002082 seconds, Stopping threads took: 0.0000504 seconds
2019-03-05T02:41:45.058+0000: 7.627: Application time: 0.1229325 seconds
2019-03-05T02:41:45.058+0000: 7.627: Total time for which application threads were stopped: 0.0002039 seconds, Stopping threads took: 0.0000656 seconds
2019-03-05T02:41:45.400+0000: 7.969: Application time: 0.3417643 seconds
2019-03-05T02:41:45.400+0000: 7.969: Total time for which application threads were stopped: 0.0002733 seconds, Stopping threads took: 0.0000479 seconds
2019-03-05T02:41:46.400+0000: 8.969: Application time: 1.0001321 seconds
2019-03-05T02:41:46.671+0000: 9.240: Total time for which application threads were stopped: 0.2710559 seconds, Stopping threads took: 0.2709677 seconds
2019-03-05T02:41:46.691+0000: 9.260: Application time: 0.0201782 seconds
2019-03-05T02:41:46.692+0000: 9.261: Total time for which application threads were stopped: 0.0002705 seconds, Stopping threads took: 0.0000955 seconds
2019-03-05T02:41:47.361+0000: 9.930: Application time: 0.6697317 seconds
2019-03-05T02:41:47.362+0000: 9.931: Total time for which application threads were stopped: 0.0003428 seconds, Stopping threads took: 0.0000467 seconds
2019-03-05T02:41:47.406+0000: 9.975: Application time: 0.0446516 seconds
2019-03-05T02:41:47.407+0000: 9.976: Total time for which application threads were stopped: 0.0003875 seconds, Stopping threads took: 0.0000789 seconds
2019-03-05T02:41:47.413+0000: 9.982: Application time: 0.0058830 seconds
2019-03-05T02:41:47.413+0000: 9.982: Total time for which application threads were stopped: 0.0001439 seconds, Stopping threads took: 0.0000387 seconds
2019-03-05T02:41:47.414+0000: 9.983: Application time: 0.0013687 seconds
2019-03-05T02:41:47.414+0000: 9.983: Total time for which application threads were stopped: 0.0001365 seconds, Stopping threads took: 0.0000373 seconds
2019-03-05T02:41:47.537+0000: 10.106: Application time: 0.1224723 seconds
2019-03-05T02:41:47.537+0000: 10.106: [GC (Allocation Failure) 2019-03-05T02:41:47.537+0000: 10.106: [ParNew
Desired survivor size 107347968 bytes, new threshold 1 (max 1)
- age   1:   21835640 bytes,   21835640 total
: 1677824K->21421K(1887488K), 0.0373751 secs] 1677824K->21421K(12373248K), 0.0375129 secs] [Times: user=0.27 sys=0.00, real=0.04 secs] 
2019-03-05T02:41:47.575+0000: 10.144: Total time for which application threads were stopped: 0.0378883 seconds, Stopping threads took: 0.0001045 seconds
2019-03-05T02:41:47.806+0000: 10.375: Application time: 0.2315214 seconds
2019-03-05T02:41:47.806+0000: 10.375: Total time for which application threads were stopped: 0.0002455 seconds, Stopping threads took: 0.0000630 seconds
2019-03-05T02:41:47.969+0000: 10.538: Application time: 0.1629102 seconds
2019-03-05T02:41:47.970+0000: 10.539: Total time for which application threads were stopped: 0.0004029 seconds, Stopping threads took: 0.0001201 seconds
2019-03-05T02:41:48.467+0000: 11.036: Application time: 0.4971450 seconds
2019-03-05T02:41:48.467+0000: 11.036: Total time for which application threads were stopped: 0.0004339 seconds, Stopping threads took: 0.0001931 seconds
2019-03-05T02:41:48.712+0000: 11.281: Application time: 0.2449320 seconds
2019-03-05T02:41:48.713+0000: 11.282: Total time for which application threads were stopped: 0.0005030 seconds, Stopping threads took: 0.0002674 seconds
2019-03-05T02:41:49.665+0000: 12.234: Application time: 0.9518473 seconds
2019-03-05T02:41:49.665+0000: 12.234: Total time for which application threads were stopped: 0.0004292 seconds, Stopping threads took: 0.0001068 seconds
2019-03-05T02:41:50.230+0000: 12.799: Application time: 0.5650773 seconds
2019-03-05T02:41:50.231+0000: 12.800: [GC (Allocation Failure) 2019-03-05T02:41:50.231+0000: 12.800: [ParNew
Desired survivor size 107347968 bytes, new threshold 1 (max 1)
- age   1:  214669504 bytes,  214669504 total
: 1699245K->209664K(1887488K), 0.2331247 secs] 1699245K->248724K(12373248K), 0.2332754 secs] [Times: user=0.98 sys=0.15, real=0.23 secs] 
2019-03-05T02:41:50.465+0000: 13.034: Total time for which application threads were stopped: 0.2344606 seconds, Stopping threads took: 0.0008635 seconds
2019-03-05T02:41:50.755+0000: 13.324: Application time: 0.2903843 seconds
2019-03-05T02:41:50.756+0000: 13.325: Total time for which application threads were stopped: 0.0005325 seconds, Stopping threads took: 0.0001569 seconds
2019-03-05T02:41:50.817+0000: 13.386: Application time: 0.0614394 seconds
2019-03-05T02:41:50.817+0000: 13.387: Total time for which application threads were stopped: 0.0005451 seconds, Stopping threads took: 0.0001583 seconds
2019-03-05T02:41:51.818+0000: 14.387: Application time: 1.0001757 seconds
2019-03-05T02:41:51.818+0000: 14.387: Total time for which application threads were stopped: 0.0003409 seconds, Stopping threads took: 0.0000789 seconds
2019-03-05T02:41:52.304+0000: 14.873: Application time: 0.4863730 seconds
2019-03-05T02:41:52.305+0000: 14.874: Total time for which application threads were stopped: 0.0010083 seconds, Stopping threads took: 0.0002263 seconds
2019-03-05T02:41:52.310+0000: 14.879: Application time: 0.0043972 seconds
2019-03-05T02:41:52.311+0000: 14.880: Total time for which application threads were stopped: 0.0015222 seconds, Stopping threads took: 0.0011257 seconds
2019-03-05T02:41:52.396+0000: 14.965: Application time: 0.0848724 seconds
2019-03-05T02:41:52.397+0000: 14.966: Total time for which application threads were stopped: 0.0006104 seconds, Stopping threads took: 0.0002690 seconds
2019-03-05T02:41:52.403+0000: 14.972: Application time: 0.0064223 seconds
2019-03-05T02:41:52.404+0000: 14.973: Total time for which application threads were stopped: 0.0006979 seconds, Stopping threads took: 0.0001878 seconds
2019-03-05T02:41:52.443+0000: 15.012: Application time: 0.0385868 seconds
2019-03-05T02:41:52.443+0000: 15.012: Total time for which application threads were stopped: 0.0007491 seconds, Stopping threads took: 0.0001577 seconds
2019-03-05T02:41:52.517+0000: 15.086: Application time: 0.0740016 seconds
2019-03-05T02:41:52.518+0000: 15.087: Total time for which application threads were stopped: 0.0007738 seconds, Stopping threads took: 0.0001088 seconds
2019-03-05T02:41:52.738+0000: 15.307: Application time: 0.2203131 seconds
2019-03-05T02:41:52.739+0000: 15.308: Total time for which application threads were stopped: 0.0008417 seconds, Stopping threads took: 0.0001144 seconds
2019-03-05T02:41:53.413+0000: 15.982: Application time: 0.6736509 seconds
2019-03-05T02:41:53.414+0000: 15.983: Total time for which application threads were stopped: 0.0006255 seconds, Stopping threads took: 0.0002500 seconds
2019-03-05T02:41:53.823+0000: 16.392: Application time: 0.4096350 seconds
2019-03-05T02:41:53.824+0000: 16.393: Total time for which application threads were stopped: 0.0004938 seconds, Stopping threads took: 0.0001609 seconds
2019-03-05T02:41:54.824+0000: 17.393: Application time: 1.0001686 seconds
2019-03-05T02:41:54.824+0000: 17.394: Total time for which application threads were stopped: 0.0006322 seconds, Stopping threads took: 0.0002545 seconds
2019-03-05T02:41:55.181+0000: 17.750: Application time: 0.3561772 seconds
2019-03-05T02:41:55.181+0000: 17.750: Total time for which application threads were stopped: 0.0007076 seconds, Stopping threads took: 0.0002030 seconds
2019-03-05T02:41:56.182+0000: 18.751: Application time: 1.0001786 seconds
2019-03-05T02:41:56.182+0000: 18.751: Total time for which application threads were stopped: 0.0004849 seconds, Stopping threads took: 0.0001213 seconds
2019-03-05T02:41:57.182+0000: 19.751: Application time: 1.0001942 seconds
2019-03-05T02:41:57.183+0000: 19.752: Total time for which application threads were stopped: 0.0004225 seconds, Stopping threads took: 0.0001597 seconds
2019-03-05T02:41:58.183+0000: 20.752: Application time: 1.0002120 seconds
2019-03-05T02:41:58.183+0000: 20.752: Total time for which application threads were stopped: 0.0003810 seconds, Stopping threads took: 0.0000805 seconds
2019-03-05T02:41:59.183+0000: 21.752: Application time: 1.0001024 seconds
2019-03-05T02:41:59.184+0000: 21.753: Total time for which application threads were stopped: 0.0004613 seconds, Stopping threads took: 0.0001077 seconds
2019-03-05T02:42:00.184+0000: 22.753: Application time: 1.0001846 seconds
2019-03-05T02:42:00.184+0000: 22.754: Total time for which application threads were stopped: 0.0004973 seconds, Stopping threads took: 0.0001194 seconds
2019-03-05T02:42:01.002+0000: 23.572: Application time: 0.8180241 seconds
2019-03-05T02:42:01.003+0000: 23.572: [GC (Allocation Failure) 2019-03-05T02:42:01.004+0000: 23.573: [ParNew
Desired survivor size 107347968 bytes, new threshold 1 (max 1)
- age   1:   96665496 bytes,   96665496 total
: 1887488K->100613K(1887488K), 0.0746322 secs] 1926548K->340396K(12373248K), 0.0749513 secs] [Times: user=0.56 sys=0.00, real=0.08 secs] 
2019-03-05T02:42:01.078+0000: 23.648: Total time for which application threads were stopped: 0.0759669 seconds, Stopping threads took: 0.0002001 seconds
2019-03-05T02:42:01.099+0000: 23.668: Application time: 0.0202580 seconds
2019-03-05T02:42:01.100+0000: 23.669: Total time for which application threads were stopped: 0.0016062 seconds, Stopping threads took: 0.0003181 seconds
2019-03-05T02:42:02.101+0000: 24.670: Application time: 1.0001868 seconds
2019-03-05T02:42:02.101+0000: 24.671: Total time for which application threads were stopped: 0.0009088 seconds, Stopping threads took: 0.0002666 seconds
2019-03-05T02:42:02.175+0000: 24.745: Application time: 0.0739981 seconds
2019-03-05T02:42:02.177+0000: 24.746: Total time for which application threads were stopped: 0.0016844 seconds, Stopping threads took: 0.0002260 seconds
2019-03-05T02:42:02.185+0000: 24.754: Application time: 0.0076317 seconds
2019-03-05T02:42:02.186+0000: 24.755: Total time for which application threads were stopped: 0.0015495 seconds, Stopping threads took: 0.0003456 seconds
2019-03-05T02:42:02.288+0000: 24.857: Application time: 0.1013857 seconds
2019-03-05T02:42:02.289+0000: 24.858: Total time for which application threads were stopped: 0.0013189 seconds, Stopping threads took: 0.0002795 seconds
2019-03-05T02:42:02.562+0000: 25.131: Application time: 0.2726779 seconds
2019-03-05T02:42:02.563+0000: 25.132: Total time for which application threads were stopped: 0.0009708 seconds, Stopping threads took: 0.0001772 seconds
2019-03-05T02:42:03.044+0000: 25.613: Application time: 0.4813213 seconds
2019-03-05T02:42:03.045+0000: 25.614: Total time for which application threads were stopped: 0.0009147 seconds, Stopping threads took: 0.0001700 seconds
2019-03-05T02:42:04.045+0000: 26.614: Application time: 1.0000979 seconds
2019-03-05T02:42:04.046+0000: 26.615: Total time for which application threads were stopped: 0.0014026 seconds, Stopping threads took: 0.0003508 seconds
2019-03-05T02:42:05.047+0000: 27.616: Application time: 1.0001738 seconds
2019-03-05T02:42:05.048+0000: 27.617: Total time for which application threads were stopped: 0.0009652 seconds, Stopping threads took: 0.0001685 seconds
2019-03-05T02:42:06.048+0000: 28.617: Application time: 1.0002039 seconds
2019-03-05T02:42:06.049+0000: 28.618: Total time for which application threads were stopped: 0.0009612 seconds, Stopping threads took: 0.0002188 seconds
2019-03-05T02:42:07.049+0000: 29.618: Application time: 1.0001674 seconds
2019-03-05T02:42:07.050+0000: 29.619: Total time for which application threads were stopped: 0.0008071 seconds, Stopping threads took: 0.0001627 seconds
2019-03-05T02:42:08.050+0000: 30.619: Application time: 1.0001568 seconds
2019-03-05T02:42:08.051+0000: 30.620: Total time for which application threads were stopped: 0.0008084 seconds, Stopping threads took: 0.0001601 seconds
2019-03-05T02:42:09.051+0000: 31.620: Application time: 1.0001641 seconds
2019-03-05T02:42:09.052+0000: 31.621: Total time for which application threads were stopped: 0.0008568 seconds, Stopping threads took: 0.0001530 seconds
2019-03-05T02:42:10.052+0000: 32.621: Application time: 1.0002124 seconds
2019-03-05T02:42:10.053+0000: 32.622: Total time for which application threads were stopped: 0.0008535 seconds, Stopping threads took: 0.0002159 seconds
2019-03-05T02:42:11.053+0000: 33.622: Application time: 1.0001691 seconds
2019-03-05T02:42:11.054+0000: 33.623: Total time for which application threads were stopped: 0.0009039 seconds, Stopping threads took: 0.0002584 seconds
2019-03-05T02:42:12.054+0000: 34.623: Application time: 1.0001732 seconds
2019-03-05T02:42:12.055+0000: 34.624: Total time for which application threads were stopped: 0.0008571 seconds, Stopping threads took: 0.0001619 seconds
2019-03-05T02:42:13.055+0000: 35.624: Application time: 1.0001718 seconds
2019-03-05T02:42:13.056+0000: 35.625: Total time for which application threads were stopped: 0.0007795 seconds, Stopping threads took: 0.0001553 seconds
2019-03-05T02:42:14.056+0000: 36.625: Application time: 1.0001725 seconds
2019-03-05T02:42:14.057+0000: 36.626: Total time for which application threads were stopped: 0.0008221 seconds, Stopping threads took: 0.0001761 seconds
2019-03-05T02:42:15.057+0000: 37.626: Application time: 1.0001793 seconds
2019-03-05T02:42:15.058+0000: 37.627: Total time for which application threads were stopped: 0.0008696 seconds, Stopping threads took: 0.0001896 seconds
2019-03-05T02:42:16.058+0000: 38.627: Application time: 1.0001233 seconds
2019-03-05T02:42:16.059+0000: 38.628: Total time for which application threads were stopped: 0.0008696 seconds, Stopping threads took: 0.0001961 seconds
2019-03-05T02:42:17.059+0000: 39.628: Application time: 1.0001725 seconds
2019-03-05T02:42:17.060+0000: 39.629: Total time for which application threads were stopped: 0.0007773 seconds, Stopping threads took: 0.0001533 seconds
2019-03-05T02:42:18.060+0000: 40.629: Application time: 1.0001677 seconds
2019-03-05T02:42:18.061+0000: 40.630: Total time for which application threads were stopped: 0.0008310 seconds, Stopping threads took: 0.0001557 seconds
2019-03-05T02:42:19.061+0000: 41.630: Application time: 1.0002098 seconds
2019-03-05T02:42:19.062+0000: 41.631: Total time for which application threads were stopped: 0.0007847 seconds, Stopping threads took: 0.0001585 seconds
2019-03-05T02:42:20.062+0000: 42.631: Application time: 1.0001717 seconds
2019-03-05T02:42:20.063+0000: 42.632: Total time for which application threads were stopped: 0.0008296 seconds, Stopping threads took: 0.0002133 seconds
2019-03-05T02:42:21.063+0000: 43.632: Application time: 1.0000992 seconds
2019-03-05T02:42:21.064+0000: 43.633: Total time for which application threads were stopped: 0.0009465 seconds, Stopping threads took: 0.0002802 seconds
2019-03-05T02:42:21.678+0000: 44.247: Application time: 0.6144077 seconds
2019-03-05T02:42:21.679+0000: 44.248: [GC (Allocation Failure) 2019-03-05T02:42:21.679+0000: 44.248: [ParNew
Desired survivor size 107347968 bytes, new threshold 1 (max 1)
- age   1:   78719480 bytes,   78719480 total
: 1778437K->87849K(1887488K), 0.0600320 secs] 2018220K->410853K(12373248K), 0.0603380 secs] [Times: user=0.44 sys=0.00, real=0.06 secs] 
2019-03-05T02:42:21.740+0000: 44.309: Total time for which application threads were stopped: 0.0615412 seconds, Stopping threads took: 0.0003123 seconds
2019-03-05T02:42:22.740+0000: 45.309: Application time: 1.0002086 seconds
2019-03-05T02:42:22.741+0000: 45.310: Total time for which application threads were stopped: 0.0009103 seconds, Stopping threads took: 0.0002345 seconds
2019-03-05T02:42:23.741+0000: 46.310: Application time: 1.0002106 seconds
2019-03-05T02:42:23.742+0000: 46.311: Total time for which application threads were stopped: 0.0008305 seconds, Stopping threads took: 0.0001849 seconds
2019-03-05T02:42:24.742+0000: 47.311: Application time: 1.0001666 seconds
2019-03-05T02:42:24.743+0000: 47.312: Total time for which application threads were stopped: 0.0007997 seconds, Stopping threads took: 0.0001580 seconds
2019-03-05T02:42:25.743+0000: 48.312: Application time: 1.0001785 seconds
2019-03-05T02:42:25.744+0000: 48.313: Total time for which application threads were stopped: 0.0009975 seconds, Stopping threads took: 0.0002779 seconds
2019-03-05T02:42:26.744+0000: 49.313: Application time: 1.0001703 seconds
2019-03-05T02:42:26.745+0000: 49.314: Total time for which application threads were stopped: 0.0009079 seconds, Stopping threads took: 0.0001966 seconds
2019-03-05T02:42:27.745+0000: 50.315: Application time: 1.0002252 seconds
2019-03-05T02:42:27.746+0000: 50.316: Total time for which application threads were stopped: 0.0009726 seconds, Stopping threads took: 0.0002898 seconds
2019-03-05T02:42:28.747+0000: 51.316: Application time: 1.0001892 seconds
2019-03-05T02:42:28.748+0000: 51.317: Total time for which application threads were stopped: 0.0008444 seconds, Stopping threads took: 0.0002115 seconds
2019-03-05T02:42:29.748+0000: 52.317: Application time: 1.0001783 seconds
2019-03-05T02:42:29.753+0000: 52.322: Total time for which application threads were stopped: 0.0048927 seconds, Stopping threads took: 0.0042422 seconds
2019-03-05T02:42:29.834+0000: 52.404: Application time: 0.0818561 seconds
2019-03-05T02:42:29.836+0000: 52.406: Total time for which application threads were stopped: 0.0020143 seconds, Stopping threads took: 0.0003414 seconds
2019-03-05T02:42:29.891+0000: 52.460: Application time: 0.0546145 seconds
2019-03-05T02:42:29.893+0000: 52.462: Total time for which application threads were stopped: 0.0017868 seconds, Stopping threads took: 0.0002289 seconds
2019-03-05T02:42:29.984+0000: 52.553: Application time: 0.0913527 seconds
2019-03-05T02:42:29.987+0000: 52.556: Total time for which application threads were stopped: 0.0023932 seconds, Stopping threads took: 0.0002891 seconds
2019-03-05T02:42:30.987+0000: 53.556: Application time: 1.0001772 seconds
2019-03-05T02:42:30.988+0000: 53.557: Total time for which application threads were stopped: 0.0009281 seconds, Stopping threads took: 0.0002363 seconds
2019-03-05T02:42:31.718+0000: 54.287: Application time: 0.7305791 seconds
2019-03-05T02:42:31.720+0000: 54.289: Total time for which application threads were stopped: 0.0018118 seconds, Stopping threads took: 0.0002112 seconds
2019-03-05T02:42:32.720+0000: 55.289: Application time: 1.0001723 seconds
2019-03-05T02:42:32.721+0000: 55.290: Total time for which application threads were stopped: 0.0008969 seconds, Stopping threads took: 0.0002379 seconds
2019-03-05T02:42:33.721+0000: 56.290: Application time: 1.0000969 seconds
2019-03-05T02:42:33.722+0000: 56.291: Total time for which application threads were stopped: 0.0008078 seconds, Stopping threads took: 0.0001596 seconds
2019-03-05T02:42:34.722+0000: 57.291: Application time: 1.0001656 seconds
2019-03-05T02:42:34.723+0000: 57.292: Total time for which application threads were stopped: 0.0007916 seconds, Stopping threads took: 0.0001697 seconds
2019-03-05T02:42:35.723+0000: 58.292: Application time: 1.0001802 seconds
2019-03-05T02:42:35.724+0000: 58.293: Total time for which application threads were stopped: 0.0010068 seconds, Stopping threads took: 0.0002921 seconds
2019-03-05T02:42:35.841+0000: 58.410: Application time: 0.1163727 seconds
2019-03-05T02:42:35.842+0000: 58.411: [GC (Allocation Failure) 2019-03-05T02:42:35.842+0000: 58.411: [ParNew
Desired survivor size 107347968 bytes, new threshold 1 (max 1)
- age   1:   55033232 bytes,   55033232 total
: 1765673K->68673K(1887488K), 0.0535908 secs] 2088677K->464937K(12373248K), 0.0538845 secs] [Times: user=0.39 sys=0.00, real=0.05 secs] 
2019-03-05T02:42:35.896+0000: 58.465: Total time for which application threads were stopped: 0.0549657 seconds, Stopping threads took: 0.0001762 seconds
2019-03-05T02:42:36.896+0000: 59.465: Application time: 1.0001817 seconds
2019-03-05T02:42:36.897+0000: 59.466: Total time for which application threads were stopped: 0.0009007 seconds, Stopping threads took: 0.0002335 seconds
2019-03-05T02:42:37.897+0000: 60.466: Application time: 1.0001495 seconds
2019-03-05T02:42:37.898+0000: 60.467: Total time for which application threads were stopped: 0.0008071 seconds, Stopping threads took: 0.0001584 seconds
2019-03-05T02:42:38.898+0000: 61.467: Application time: 1.0001695 seconds
2019-03-05T02:42:38.899+0000: 61.468: Total time for which application threads were stopped: 0.0008894 seconds, Stopping threads took: 0.0002804 seconds
2019-03-05T02:42:39.899+0000: 62.468: Application time: 1.0001696 seconds
2019-03-05T02:42:39.900+0000: 62.469: Total time for which application threads were stopped: 0.0007869 seconds, Stopping threads took: 0.0001557 seconds
2019-03-05T02:42:40.900+0000: 63.469: Application time: 1.0000673 seconds
2019-03-05T02:42:40.901+0000: 63.470: Total time for which application threads were stopped: 0.0007542 seconds, Stopping threads took: 0.0001393 seconds
2019-03-05T02:42:41.901+0000: 64.470: Application time: 1.0000711 seconds
2019-03-05T02:42:41.901+0000: 64.470: Total time for which application threads were stopped: 0.0007789 seconds, Stopping threads took: 0.0001537 seconds
2019-03-05T02:42:42.901+0000: 65.471: Application time: 1.0001372 seconds
2019-03-05T02:42:42.902+0000: 65.471: Total time for which application threads were stopped: 0.0008604 seconds, Stopping threads took: 0.0001488 seconds
2019-03-05T02:42:43.903+0000: 66.472: Application time: 1.0001803 seconds
2019-03-05T02:42:43.903+0000: 66.472: Total time for which application threads were stopped: 0.0008245 seconds, Stopping threads took: 0.0002031 seconds
2019-03-05T02:42:44.904+0000: 67.473: Application time: 1.0001781 seconds
2019-03-05T02:42:44.904+0000: 67.473: Total time for which application threads were stopped: 0.0007469 seconds, Stopping threads took: 0.0001367 seconds
2019-03-05T02:42:45.904+0000: 68.473: Application time: 1.0000938 seconds
2019-03-05T02:42:45.906+0000: 68.475: Total time for which application threads were stopped: 0.0013312 seconds, Stopping threads took: 0.0004131 seconds
2019-03-05T02:42:46.906+0000: 69.475: Application time: 1.0001944 seconds
2019-03-05T02:42:46.907+0000: 69.476: Total time for which application threads were stopped: 0.0008301 seconds, Stopping threads took: 0.0002015 seconds
2019-03-05T02:42:47.907+0000: 70.476: Application time: 1.0002013 seconds
2019-03-05T02:42:47.908+0000: 70.477: Total time for which application threads were stopped: 0.0008682 seconds, Stopping threads took: 0.0002539 seconds
2019-03-05T02:42:48.908+0000: 71.477: Application time: 1.0001679 seconds
2019-03-05T02:42:48.909+0000: 71.478: Total time for which application threads were stopped: 0.0007941 seconds, Stopping threads took: 0.0001421 seconds
2019-03-05T02:42:50.909+0000: 73.478: Application time: 2.0003006 seconds
2019-03-05T02:42:50.910+0000: 73.479: Total time for which application threads were stopped: 0.0007685 seconds, Stopping threads took: 0.0001645 seconds
2019-03-05T02:42:51.910+0000: 74.479: Application time: 1.0001823 seconds
2019-03-05T02:42:51.911+0000: 74.480: Total time for which application threads were stopped: 0.0008575 seconds, Stopping threads took: 0.0001496 seconds
2019-03-05T02:42:52.911+0000: 75.480: Application time: 1.0001958 seconds
2019-03-05T02:42:52.912+0000: 75.481: Total time for which application threads were stopped: 0.0008002 seconds, Stopping threads took: 0.0001780 seconds
2019-03-05T02:42:53.912+0000: 76.481: Application time: 1.0002271 seconds
2019-03-05T02:42:53.913+0000: 76.482: Total time for which application threads were stopped: 0.0008448 seconds, Stopping threads took: 0.0002305 seconds
2019-03-05T02:42:54.913+0000: 77.482: Application time: 1.0002042 seconds
2019-03-05T02:42:54.914+0000: 77.483: Total time for which application threads were stopped: 0.0009274 seconds, Stopping threads took: 0.0002378 seconds
2019-03-05T02:42:55.914+0000: 78.483: Application time: 1.0001743 seconds
2019-03-05T02:42:55.915+0000: 78.484: Total time for which application threads were stopped: 0.0008079 seconds, Stopping threads took: 0.0001830 seconds
2019-03-05T02:42:56.915+0000: 79.484: Application time: 1.0002284 seconds
2019-03-05T02:42:56.916+0000: 79.485: Total time for which application threads were stopped: 0.0008222 seconds, Stopping threads took: 0.0001560 seconds
2019-03-05T02:42:57.916+0000: 80.485: Application time: 1.0001688 seconds
2019-03-05T02:42:57.917+0000: 80.486: Total time for which application threads were stopped: 0.0007507 seconds, Stopping threads took: 0.0001507 seconds
2019-03-05T02:42:58.917+0000: 81.486: Application time: 1.0001705 seconds
2019-03-05T02:42:58.918+0000: 81.487: Total time for which application threads were stopped: 0.0009098 seconds, Stopping threads took: 0.0002847 seconds
2019-03-05T02:43:01.778+0000: 84.347: Application time: 2.8601364 seconds
2019-03-05T02:43:01.779+0000: 84.348: [GC (Allocation Failure) 2019-03-05T02:43:01.779+0000: 84.348: [ParNew
Desired survivor size 107347968 bytes, new threshold 1 (max 1)
- age   1:  104440288 bytes,  104440288 total
: 1746497K->113850K(1887488K), 0.0548208 secs] 2142761K->558369K(12373248K), 0.0550915 secs] [Times: user=0.42 sys=0.00, real=0.05 secs] 
2019-03-05T02:43:01.835+0000: 84.404: Total time for which application threads were stopped: 0.0561905 seconds, Stopping threads took: 0.0002420 seconds
2019-03-05T02:43:03.835+0000: 86.404: Application time: 2.0003032 seconds
2019-03-05T02:43:03.836+0000: 86.405: Total time for which application threads were stopped: 0.0008104 seconds, Stopping threads took: 0.0001508 seconds
2019-03-05T02:43:04.836+0000: 87.405: Application time: 1.0001777 seconds
2019-03-05T02:43:04.837+0000: 87.406: Total time for which application threads were stopped: 0.0008876 seconds, Stopping threads took: 0.0002517 seconds
2019-03-05T02:43:05.837+0000: 88.406: Application time: 1.0001726 seconds
2019-03-05T02:43:05.838+0000: 88.407: Total time for which application threads were stopped: 0.0008538 seconds, Stopping threads took: 0.0002311 seconds
2019-03-05T02:43:06.838+0000: 89.407: Application time: 1.0001748 seconds
2019-03-05T02:43:06.839+0000: 89.408: Total time for which application threads were stopped: 0.0007802 seconds, Stopping threads took: 0.0001651 seconds
2019-03-05T02:43:07.839+0000: 90.408: Application time: 1.0002155 seconds
2019-03-05T02:43:07.840+0000: 90.409: Total time for which application threads were stopped: 0.0008023 seconds, Stopping threads took: 0.0002184 seconds
2019-03-05T02:43:10.840+0000: 93.409: Application time: 3.0004914 seconds
2019-03-05T02:43:10.841+0000: 93.410: Total time for which application threads were stopped: 0.0007549 seconds, Stopping threads took: 0.0001592 seconds
2019-03-05T02:43:12.841+0000: 95.410: Application time: 2.0002720 seconds
2019-03-05T02:43:12.842+0000: 95.411: Total time for which application threads were stopped: 0.0007418 seconds, Stopping threads took: 0.0001389 seconds
2019-03-05T02:43:13.842+0000: 96.411: Application time: 1.0001650 seconds
2019-03-05T02:43:13.843+0000: 96.412: Total time for which application threads were stopped: 0.0007593 seconds, Stopping threads took: 0.0001489 seconds
2019-03-05T02:43:15.843+0000: 98.412: Application time: 2.0003320 seconds
2019-03-05T02:43:15.844+0000: 98.413: Total time for which application threads were stopped: 0.0008313 seconds, Stopping threads took: 0.0001477 seconds
2019-03-05T02:43:16.498+0000: 99.067: Application time: 0.6536650 seconds
2019-03-05T02:43:16.499+0000: 99.068: [GC (Allocation Failure) 2019-03-05T02:43:16.499+0000: 99.068: [ParNew
Desired survivor size 107347968 bytes, new threshold 1 (max 1)
- age   1:   59357080 bytes,   59357080 total
: 1791674K->76831K(1887488K), 0.0531656 secs] 2236193K->605446K(12373248K), 0.0534330 secs] [Times: user=0.40 sys=0.00, real=0.05 secs] 
2019-03-05T02:43:16.552+0000: 99.121: Total time for which application threads were stopped: 0.0545272 seconds, Stopping threads took: 0.0002295 seconds
2019-03-05T02:43:17.552+0000: 100.122: Application time: 1.0001849 seconds
2019-03-05T02:43:17.553+0000: 100.122: Total time for which application threads were stopped: 0.0007974 seconds, Stopping threads took: 0.0001584 seconds
2019-03-05T02:43:18.553+0000: 101.122: Application time: 1.0001431 seconds
2019-03-05T02:43:18.554+0000: 101.123: Total time for which application threads were stopped: 0.0008566 seconds, Stopping threads took: 0.0001800 seconds
2019-03-05T02:43:19.554+0000: 102.124: Application time: 1.0001992 seconds
2019-03-05T02:43:19.555+0000: 102.124: Total time for which application threads were stopped: 0.0008605 seconds, Stopping threads took: 0.0002101 seconds
2019-03-05T02:43:20.555+0000: 103.125: Application time: 1.0001496 seconds
2019-03-05T02:43:20.556+0000: 103.125: Total time for which application threads were stopped: 0.0007707 seconds, Stopping threads took: 0.0001624 seconds
2019-03-05T02:43:22.557+0000: 105.126: Application time: 2.0003057 seconds
2019-03-05T02:43:22.557+0000: 105.126: Total time for which application threads were stopped: 0.0007622 seconds, Stopping threads took: 0.0001603 seconds
2019-03-05T02:43:23.558+0000: 106.127: Application time: 1.0001744 seconds
2019-03-05T02:43:23.558+0000: 106.127: Total time for which application threads were stopped: 0.0008196 seconds, Stopping threads took: 0.0002057 seconds
2019-03-05T02:43:25.559+0000: 108.128: Application time: 2.0002978 seconds
2019-03-05T02:43:25.559+0000: 108.129: Total time for which application threads were stopped: 0.0008100 seconds, Stopping threads took: 0.0002010 seconds
2019-03-05T02:43:26.560+0000: 109.129: Application time: 1.0002058 seconds
2019-03-05T02:43:26.561+0000: 109.130: Total time for which application threads were stopped: 0.0008444 seconds, Stopping threads took: 0.0002122 seconds
2019-03-05T02:43:27.561+0000: 110.130: Application time: 1.0000837 seconds
2019-03-05T02:43:27.561+0000: 110.130: Total time for which application threads were stopped: 0.0007606 seconds, Stopping threads took: 0.0001546 seconds
2019-03-05T02:43:29.562+0000: 112.131: Application time: 2.0002612 seconds
2019-03-05T02:43:29.562+0000: 112.132: Total time for which application threads were stopped: 0.0008314 seconds, Stopping threads took: 0.0001924 seconds
2019-03-05T02:43:34.563+0000: 117.132: Application time: 5.0006826 seconds
2019-03-05T02:43:34.564+0000: 117.133: Total time for which application threads were stopped: 0.0008043 seconds, Stopping threads took: 0.0001534 seconds
2019-03-05T02:43:37.564+0000: 120.133: Application time: 3.0004277 seconds
2019-03-05T02:43:37.565+0000: 120.134: Total time for which application threads were stopped: 0.0008741 seconds, Stopping threads took: 0.0002474 seconds
2019-03-05T02:43:38.565+0000: 121.135: Application time: 1.0001985 seconds
2019-03-05T02:43:38.566+0000: 121.135: Total time for which application threads were stopped: 0.0007879 seconds, Stopping threads took: 0.0001517 seconds
2019-03-05T02:43:39.566+0000: 122.136: Application time: 1.0002032 seconds
2019-03-05T02:43:39.567+0000: 122.136: Total time for which application threads were stopped: 0.0007933 seconds, Stopping threads took: 0.0001523 seconds
2019-03-05T02:43:40.567+0000: 123.136: Application time: 1.0001744 seconds
2019-03-05T02:43:40.568+0000: 123.137: Total time for which application threads were stopped: 0.0008567 seconds, Stopping threads took: 0.0002427 seconds
2019-03-05T02:43:41.568+0000: 124.138: Application time: 1.0001955 seconds
2019-03-05T02:43:41.569+0000: 124.138: Total time for which application threads were stopped: 0.0008725 seconds, Stopping threads took: 0.0002170 seconds
2019-03-05T02:43:42.570+0000: 125.139: Application time: 1.0001905 seconds
2019-03-05T02:43:42.570+0000: 125.140: Total time for which application threads were stopped: 0.0009100 seconds, Stopping threads took: 0.0002361 seconds
2019-03-05T02:43:43.536+0000: 126.105: Application time: 0.9652915 seconds
2019-03-05T02:43:43.537+0000: 126.106: [GC (Allocation Failure) 2019-03-05T02:43:43.537+0000: 126.106: [ParNew
Desired survivor size 107347968 bytes, new threshold 1 (max 1)
- age   1:  105141848 bytes,  105141848 total
: 1754655K->121824K(1887488K), 0.0512244 secs] 2283270K->698675K(12373248K), 0.0514830 secs] [Times: user=0.39 sys=0.00, real=0.05 secs] 
2019-03-05T02:43:43.588+0000: 126.157: Total time for which application threads were stopped: 0.0525190 seconds, Stopping threads took: 0.0001553 seconds
2019-03-05T02:43:44.588+0000: 127.158: Application time: 1.0001810 seconds
2019-03-05T02:43:44.589+0000: 127.158: Total time for which application threads were stopped: 0.0008633 seconds, Stopping threads took: 0.0002096 seconds
2019-03-05T02:43:45.590+0000: 128.159: Application time: 1.0001791 seconds
2019-03-05T02:43:45.590+0000: 128.160: Total time for which application threads were stopped: 0.0008924 seconds, Stopping threads took: 0.0002351 seconds
2019-03-05T02:43:46.591+0000: 129.160: Application time: 1.0002128 seconds
2019-03-05T02:43:46.592+0000: 129.161: Total time for which application threads were stopped: 0.0010269 seconds, Stopping threads took: 0.0003598 seconds
2019-03-05T02:43:47.592+0000: 130.161: Application time: 1.0001737 seconds
2019-03-05T02:43:47.593+0000: 130.162: Total time for which application threads were stopped: 0.0008629 seconds, Stopping threads took: 0.0002461 seconds
2019-03-05T02:43:48.593+0000: 131.162: Application time: 1.0001348 seconds
2019-03-05T02:43:48.594+0000: 131.163: Total time for which application threads were stopped: 0.0007928 seconds, Stopping threads took: 0.0001632 seconds
2019-03-05T02:43:49.594+0000: 132.163: Application time: 1.0001700 seconds
2019-03-05T02:43:49.595+0000: 132.164: Total time for which application threads were stopped: 0.0007948 seconds, Stopping threads took: 0.0001660 seconds
2019-03-05T02:43:50.595+0000: 133.164: Application time: 1.0001667 seconds
2019-03-05T02:43:50.596+0000: 133.165: Total time for which application threads were stopped: 0.0008493 seconds, Stopping threads took: 0.0001975 seconds
2019-03-05T02:43:53.596+0000: 136.165: Application time: 3.0003413 seconds
2019-03-05T02:43:53.597+0000: 136.166: Total time for which application threads were stopped: 0.0009259 seconds, Stopping threads took: 0.0002599 seconds
2019-03-05T02:43:54.597+0000: 137.166: Application time: 1.0001615 seconds
2019-03-05T02:43:54.598+0000: 137.167: Total time for which application threads were stopped: 0.0007805 seconds, Stopping threads took: 0.0001732 seconds
2019-03-05T02:43:58.598+0000: 141.168: Application time: 4.0005601 seconds
2019-03-05T02:43:58.599+0000: 141.168: Total time for which application threads were stopped: 0.0007982 seconds, Stopping threads took: 0.0001514 seconds
2019-03-05T02:43:59.599+0000: 142.168: Application time: 1.0001678 seconds
2019-03-05T02:43:59.600+0000: 142.169: Total time for which application threads were stopped: 0.0009791 seconds, Stopping threads took: 0.0003362 seconds
2019-03-05T02:44:05.867+0000: 148.436: Application time: 6.2668088 seconds
2019-03-05T02:44:05.868+0000: 148.437: [GC (Allocation Failure) 2019-03-05T02:44:05.868+0000: 148.437: [ParNew
Desired survivor size 107347968 bytes, new threshold 1 (max 1)
- age   1:  214689888 bytes,  214689888 total
: 1799648K->209664K(1887488K), 0.1104844 secs] 2376499K->892582K(12373248K), 0.1107973 secs] [Times: user=0.83 sys=0.00, real=0.12 secs] 
2019-03-05T02:44:05.979+0000: 148.548: Total time for which application threads were stopped: 0.1120089 seconds, Stopping threads took: 0.0002915 seconds
2019-03-05T02:44:06.979+0000: 149.548: Application time: 1.0002053 seconds
2019-03-05T02:44:06.980+0000: 149.549: Total time for which application threads were stopped: 0.0009994 seconds, Stopping threads took: 0.0003179 seconds
2019-03-05T02:44:07.253+0000: 149.822: Application time: 0.2728873 seconds
2019-03-05T02:44:07.254+0000: 149.823: [GC (Allocation Failure) 2019-03-05T02:44:07.254+0000: 149.823: [ParNew
Desired survivor size 107347968 bytes, new threshold 1 (max 1)
- age   1:  215743016 bytes,  215743016 total
: 1887488K->209664K(1887488K), 0.7750831 secs] 2570406K->1795574K(12373248K), 0.7753787 secs] [Times: user=5.14 sys=0.00, real=0.77 secs] 
2019-03-05T02:44:08.030+0000: 150.599: Total time for which application threads were stopped: 0.7765436 seconds, Stopping threads took: 0.0002529 seconds
2019-03-05T02:44:09.030+0000: 151.599: Application time: 1.0002403 seconds
2019-03-05T02:44:09.031+0000: 151.600: Total time for which application threads were stopped: 0.0009724 seconds, Stopping threads took: 0.0002470 seconds
2019-03-05T02:44:09.679+0000: 152.248: Application time: 0.6481276 seconds
2019-03-05T02:44:09.680+0000: 152.249: Total time for which application threads were stopped: 0.0008656 seconds, Stopping threads took: 0.0001929 seconds
2019-03-05T02:44:09.680+0000: 152.249: Application time: 0.0001685 seconds
2019-03-05T02:44:09.681+0000: 152.250: [GC (Allocation Failure) 2019-03-05T02:44:09.681+0000: 152.250: [ParNew
Desired survivor size 107347968 bytes, new threshold 1 (max 1)
- age   1:  218889640 bytes,  218889640 total
: 1887488K->209664K(1887488K), 1.0166125 secs] 3473401K->2979107K(12373248K), 1.0169014 secs] [Times: user=6.86 sys=0.00, real=1.01 secs] 
2019-03-05T02:44:10.698+0000: 153.267: Total time for which application threads were stopped: 1.0175797 seconds, Stopping threads took: 0.0000620 seconds
2019-03-05T02:44:10.698+0000: 153.267: Application time: 0.0001452 seconds
2019-03-05T02:44:10.699+0000: 153.268: [GC (GCLocker Initiated GC) 2019-03-05T02:44:10.699+0000: 153.268: [ParNew
Desired survivor size 107347968 bytes, new threshold 1 (max 1)
- age   1:      38776 bytes,      38776 total
: 219087K->153271K(1887488K), 0.1643862 secs] 2988530K->3132380K(12373248K), 0.1646282 secs] [Times: user=0.99 sys=0.00, real=0.16 secs] 
2019-03-05T02:44:10.864+0000: 153.433: Total time for which application threads were stopped: 0.1656790 seconds, Stopping threads took: 0.0001910 seconds
2019-03-05T02:44:11.864+0000: 154.433: Application time: 1.0001980 seconds
2019-03-05T02:44:11.865+0000: 154.434: Total time for which application threads were stopped: 0.0010523 seconds, Stopping threads took: 0.0002582 seconds
2019-03-05T02:44:12.608+0000: 155.178: Application time: 0.7435270 seconds
2019-03-05T02:44:12.609+0000: 155.179: [GC (Allocation Failure) 2019-03-05T02:44:12.610+0000: 155.179: [ParNew
Desired survivor size 107347968 bytes, new threshold 1 (max 1)
- age   1:  219929760 bytes,  219929760 total
: 1831095K->209664K(1887488K), 0.8599235 secs] 4810204K->4142900K(12373248K), 0.8602785 secs] [Times: user=5.90 sys=0.00, real=0.86 secs] 
2019-03-05T02:44:13.470+0000: 156.039: Total time for which application threads were stopped: 0.8615730 seconds, Stopping threads took: 0.0002735 seconds
2019-03-05T02:44:14.414+0000: 156.983: Application time: 0.9441291 seconds
2019-03-05T02:44:14.415+0000: 156.984: [GC (Allocation Failure) 2019-03-05T02:44:14.416+0000: 156.985: [ParNew
Desired survivor size 107347968 bytes, new threshold 1 (max 1)
- age   1:  222027680 bytes,  222027680 total
: 1887488K->209664K(1887488K), 0.9955759 secs] 5820724K->5325900K(12373248K), 0.9959389 secs] [Times: user=6.79 sys=0.00, real=1.00 secs] 
2019-03-05T02:44:15.412+0000: 157.981: Total time for which application threads were stopped: 0.9973800 seconds, Stopping threads took: 0.0003696 seconds
2019-03-05T02:44:15.431+0000: 158.000: Application time: 0.0191230 seconds
2019-03-05T02:44:15.437+0000: 158.006: Total time for which application threads were stopped: 0.0063753 seconds, Stopping threads took: 0.0049535 seconds
2019-03-05T02:44:15.440+0000: 158.009: Application time: 0.0030466 seconds
2019-03-05T02:44:15.446+0000: 158.015: Total time for which application threads were stopped: 0.0055256 seconds, Stopping threads took: 0.0047562 seconds
2019-03-05T02:44:16.395+0000: 158.965: Application time: 0.9498563 seconds
2019-03-05T02:44:16.397+0000: 158.966: [GC (Allocation Failure) 2019-03-05T02:44:16.397+0000: 158.966: [ParNew
Desired survivor size 107347968 bytes, new threshold 1 (max 1)
- age   1:  219938632 bytes,  219938632 total
: 1887488K->209664K(1887488K), 1.0207270 secs] 7003724K->6517608K(12373248K), 1.0210789 secs] [Times: user=6.88 sys=0.00, real=1.02 secs] 
2019-03-05T02:44:17.418+0000: 159.987: Total time for which application threads were stopped: 1.0225526 seconds, Stopping threads took: 0.0003272 seconds
2019-03-05T02:44:18.205+0000: 160.774: Application time: 0.7870815 seconds
2019-03-05T02:44:18.206+0000: 160.775: [GC (Allocation Failure) 2019-03-05T02:44:18.207+0000: 160.776: [ParNew
Desired survivor size 107347968 bytes, new threshold 1 (max 1)
- age   1:  218887120 bytes,  218887120 total
: 1887488K->209664K(1887488K), 0.7854575 secs] 8195432K->7422533K(12373248K), 0.7858328 secs] [Times: user=5.38 sys=0.00, real=0.79 secs] 
2019-03-05T02:44:18.992+0000: 161.562: Total time for which application threads were stopped: 0.7873822 seconds, Stopping threads took: 0.0004246 seconds
2019-03-05T02:44:19.815+0000: 162.384: Application time: 0.8223088 seconds
2019-03-05T02:44:19.816+0000: 162.385: [GC (Allocation Failure) 2019-03-05T02:44:19.816+0000: 162.385: [ParNew
Desired survivor size 107347968 bytes, new threshold 1 (max 1)
- age   1:  214694824 bytes,  214694824 total
: 1887488K->209664K(1887488K), 1.0206377 secs] 9100357K->8628907K(12373248K), 1.0209925 secs] [Times: user=6.97 sys=0.00, real=1.02 secs] 
2019-03-05T02:44:20.837+0000: 163.406: Total time for which application threads were stopped: 1.0224927 seconds, Stopping threads took: 0.0004399 seconds
2019-03-05T02:44:20.837+0000: 163.407: Application time: 0.0001404 seconds
2019-03-05T02:44:20.838+0000: 163.407: [GC (CMS Initial Mark) [1 CMS-initial-mark: 8419243K(10485760K)] 8630475K(12373248K), 0.0286021 secs] [Times: user=0.22 sys=0.00, real=0.02 secs] 
2019-03-05T02:44:20.867+0000: 163.436: Total time for which application threads were stopped: 0.0298295 seconds, Stopping threads took: 0.0002155 seconds
2019-03-05T02:44:20.867+0000: 163.436: [CMS-concurrent-mark-start]
2019-03-05T02:44:21.793+0000: 164.362: Application time: 0.9258093 seconds
2019-03-05T02:44:21.794+0000: 164.363: Total time for which application threads were stopped: 0.0012284 seconds, Stopping threads took: 0.0004161 seconds
2019-03-05T02:44:21.795+0000: 164.364: Application time: 0.0003195 seconds
2019-03-05T02:44:21.795+0000: 164.364: [GC (Allocation Failure) 2019-03-05T02:44:21.795+0000: 164.365: [ParNew
Desired survivor size 107347968 bytes, new threshold 1 (max 1)
- age   1:  216789872 bytes,  216789872 total
: 1887488K->209664K(1887488K), 1.1364134 secs] 10306737K->9827155K(12373248K), 1.1367973 secs] [Times: user=7.88 sys=0.00, real=1.14 secs] 
2019-03-05T02:44:22.932+0000: 165.501: Total time for which application threads were stopped: 1.1376585 seconds, Stopping threads took: 0.0001286 seconds
2019-03-05T02:44:22.933+0000: 165.502: Application time: 0.0004222 seconds
2019-03-05T02:44:22.934+0000: 165.503: [GC (GCLocker Initiated GC) 2019-03-05T02:44:22.934+0000: 165.503: [ParNew
Desired survivor size 107347968 bytes, new threshold 1 (max 1)
- age   1:     155792 bytes,     155792 total
: 215039K->209622K(1887488K), 0.1752875 secs] 9832530K->10036773K(12373248K), 0.1755733 secs] [Times: user=1.20 sys=0.00, real=0.17 secs] 
2019-03-05T02:44:23.109+0000: 165.679: Total time for which application threads were stopped: 0.1767717 seconds, Stopping threads took: 0.0002178 seconds
2019-03-05T02:44:24.110+0000: 166.679: Application time: 1.0002475 seconds
2019-03-05T02:44:24.111+0000: 166.680: Total time for which application threads were stopped: 0.0012746 seconds, Stopping threads took: 0.0004771 seconds
2019-03-05T02:44:24.162+0000: 166.731: Application time: 0.0509139 seconds
2019-03-05T02:44:24.163+0000: 166.732: Total time for which application threads were stopped: 0.0012434 seconds, Stopping threads took: 0.0004393 seconds
2019-03-05T02:44:24.164+0000: 166.733: Application time: 0.0003259 seconds
2019-03-05T02:44:24.164+0000: 166.733: [GC (Allocation Failure) 2019-03-05T02:44:24.164+0000: 166.733: [ParNew: 1887454K->1887454K(1887488K), 0.0000417 secs]2019-03-05T02:44:24.164+0000: 166.734: [CMS2019-03-05T02:44:28.886+0000: 171.455: [CMS-concurrent-mark: 6.699/8.019 secs] [Times: user=33.87 sys=0.00, real=8.02 secs] 
 (concurrent mode failure): 9827150K->10403101K(10485760K), 23.0689824 secs] 11714605K->10403101K(12373248K), [Metaspace: 42568K->42568K(1087488K)], 23.0694487 secs] [Times: user=27.80 sys=0.00, real=23.07 secs] 
2019-03-05T02:44:47.234+0000: 189.803: Total time for which application threads were stopped: 23.0704767 seconds, Stopping threads took: 0.0001724 seconds
2019-03-05T02:44:47.274+0000: 189.843: Application time: 0.0400788 seconds
2019-03-05T02:44:47.277+0000: 189.846: Total time for which application threads were stopped: 0.0030326 seconds, Stopping threads took: 0.0014525 seconds
2019-03-05T02:44:47.726+0000: 190.295: Application time: 0.4493166 seconds
2019-03-05T02:44:47.731+0000: 190.300: Total time for which application threads were stopped: 0.0049398 seconds, Stopping threads took: 0.0038258 seconds
2019-03-05T02:44:48.121+0000: 190.690: Application time: 0.3892506 seconds
2019-03-05T02:44:48.122+0000: 190.691: Total time for which application threads were stopped: 0.0013852 seconds, Stopping threads took: 0.0005478 seconds
2019-03-05T02:44:48.122+0000: 190.691: Application time: 0.0001970 seconds
2019-03-05T02:44:48.123+0000: 190.692: [GC (GCLocker Initiated GC) 2019-03-05T02:44:48.123+0000: 190.692: [ParNew: 1677825K->1677825K(1887488K), 0.0000425 secs] 12080927K->12080927K(12373248K), 0.0002855 secs] [Times: user=0.00 sys=0.00, real=0.00 secs] 
GC locker: Trying a full collection because scavenge failed
2019-03-05T02:44:48.123+0000: 190.692: [Full GC (GCLocker Initiated GC) 2019-03-05T02:44:48.123+0000: 190.692: [CMS: 10403101K->10485760K(10485760K), 19.7729210 secs] 12080927K->11286169K(12373248K), [Metaspace: 42564K->42564K(1087488K)], 19.7731907 secs] [Times: user=19.78 sys=0.00, real=19.77 secs] 
2019-03-05T02:45:07.897+0000: 210.466: Total time for which application threads were stopped: 19.7744573 seconds, Stopping threads took: 0.0001793 seconds
2019-03-05T02:45:07.969+0000: 210.538: Application time: 0.0720224 seconds
2019-03-05T02:45:07.975+0000: 210.544: [GC (CMS Initial Mark) [1 CMS-initial-mark: 10485760K(10485760K)] 11513334K(12373248K), 0.4905553 secs] [Times: user=0.66 sys=0.00, real=0.49 secs] 
2019-03-05T02:45:08.466+0000: 211.035: Total time for which application threads were stopped: 0.4970712 seconds, Stopping threads took: 0.0051916 seconds
2019-03-05T02:45:08.466+0000: 211.035: [CMS-concurrent-mark-start]
2019-03-05T02:45:09.466+0000: 212.035: Application time: 1.0002533 seconds
2019-03-05T02:45:09.467+0000: 212.036: Total time for which application threads were stopped: 0.0012806 seconds, Stopping threads took: 0.0003435 seconds
2019-03-05T02:45:09.915+0000: 212.484: Application time: 0.4475823 seconds
2019-03-05T02:45:09.916+0000: 212.485: [Full GC (Allocation Failure) 2019-03-05T02:45:09.916+0000: 212.485: [CMS2019-03-05T02:45:15.435+0000: 218.004: [CMS-concurrent-mark: 6.967/6.970 secs] [Times: user=21.23 sys=0.00, real=6.97 secs] 
 (concurrent mode failure): 10485760K->10485759K(10485760K), 26.0924112 secs] 12373247K->11894159K(12373248K), [Metaspace: 42567K->42567K(1087488K)], 26.0928061 secs] [Times: user=31.63 sys=0.00, real=26.09 secs] 
2019-03-05T02:45:36.009+0000: 238.578: Total time for which application threads were stopped: 26.0941263 seconds, Stopping threads took: 0.0002053 seconds
2019-03-05T02:45:37.009+0000: 239.578: Application time: 1.0001847 seconds
2019-03-05T02:45:37.010+0000: 239.579: Total time for which application threads were stopped: 0.0011656 seconds, Stopping threads took: 0.0003067 seconds
2019-03-05T02:45:37.172+0000: 239.741: Application time: 0.1613692 seconds
2019-03-05T02:45:37.173+0000: 239.742: [Full GC (Allocation Failure) 2019-03-05T02:45:37.173+0000: 239.742: [CMS: 10485759K->10485759K(10485760K), 20.9468843 secs] 12373247K->12138561K(12373248K), [Metaspace: 42571K->42571K(1087488K)], 20.9472444 secs] [Times: user=20.96 sys=0.00, real=20.95 secs] 
2019-03-05T02:45:58.120+0000: 260.689: Total time for which application threads were stopped: 20.9485214 seconds, Stopping threads took: 0.0001843 seconds
2019-03-05T02:45:58.148+0000: 260.718: Application time: 0.0282135 seconds
2019-03-05T02:45:58.151+0000: 260.720: [GC (CMS Initial Mark) [1 CMS-initial-mark: 10485759K(10485760K)] 12164568K(12373248K), 1.0085191 secs] [Times: user=1.05 sys=0.00, real=1.01 secs] 
2019-03-05T02:45:59.159+0000: 261.729: Total time for which application threads were stopped: 1.0109597 seconds, Stopping threads took: 0.0004485 seconds
2019-03-05T02:45:59.160+0000: 261.729: [CMS-concurrent-mark-start]
2019-03-05T02:46:00.160+0000: 262.729: Application time: 1.0002177 seconds
2019-03-05T02:46:00.161+0000: 262.730: Total time for which application threads were stopped: 0.0016186 seconds, Stopping threads took: 0.0004222 seconds
2019-03-05T02:46:00.542+0000: 263.111: Application time: 0.3803740 seconds
2019-03-05T02:46:00.543+0000: 263.112: [Full GC (Allocation Failure) 2019-03-05T02:46:00.543+0000: 263.112: [CMS2019-03-05T02:46:06.093+0000: 268.662: [CMS-concurrent-mark: 6.930/6.933 secs] [Times: user=20.47 sys=0.00, real=6.93 secs] 
 (concurrent mode failure): 10485760K->10485759K(10485760K), 26.8539139 secs] 12373248K->12249040K(12373248K), [Metaspace: 42587K->42587K(1087488K)], 26.8542842 secs] [Times: user=32.42 sys=0.00, real=26.85 secs] 
2019-03-05T02:46:27.397+0000: 289.966: Total time for which application threads were stopped: 26.8555853 seconds, Stopping threads took: 0.0001774 seconds
2019-03-05T02:46:28.044+0000: 290.614: Application time: 0.6471836 seconds
2019-03-05T02:46:28.046+0000: 290.615: [Full GC (Allocation Failure) 2019-03-05T02:46:28.046+0000: 290.616: [CMS: 10485759K->10485760K(10485760K), 21.2157483 secs] 12373245K->12295281K(12373248K), [Metaspace: 42632K->42632K(1087488K)], 21.2161444 secs] [Times: user=21.24 sys=0.00, real=21.22 secs] 
2019-03-05T02:46:49.263+0000: 311.832: Total time for which application threads were stopped: 21.2182564 seconds, Stopping threads took: 0.0004031 seconds
2019-03-05T02:46:49.312+0000: 311.881: Application time: 0.0493989 seconds
2019-03-05T02:46:49.315+0000: 311.884: [GC (CMS Initial Mark) [1 CMS-initial-mark: 10485760K(10485760K)] 12304487K(12373248K), 1.0198050 secs] [Times: user=1.13 sys=0.00, real=1.02 secs] 
2019-03-05T02:46:50.335+0000: 312.904: Total time for which application threads were stopped: 1.0233026 seconds, Stopping threads took: 0.0018883 seconds
2019-03-05T02:46:50.336+0000: 312.905: [CMS-concurrent-mark-start]
2019-03-05T02:46:50.684+0000: 313.253: Application time: 0.3488996 seconds
2019-03-05T02:46:50.687+0000: 313.256: [Full GC (Allocation Failure) 2019-03-05T02:46:50.687+0000: 313.256: [CMS2019-03-05T02:46:56.826+0000: 319.395: [CMS-concurrent-mark: 6.487/6.490 secs] [Times: user=14.83 sys=0.00, real=6.49 secs] 
 (concurrent mode failure): 10485760K->10485759K(10485760K), 27.7321402 secs] 12373247K->12317916K(12373248K), [Metaspace: 42664K->42664K(1087488K)], 27.7325531 secs] [Times: user=33.88 sys=0.00, real=27.74 secs] 
2019-03-05T02:47:18.420+0000: 340.989: Total time for which application threads were stopped: 27.7356822 seconds, Stopping threads took: 0.0016467 seconds
2019-03-05T02:47:18.505+0000: 341.074: Application time: 0.0848874 seconds
2019-03-05T02:47:18.507+0000: 341.076: Total time for which application threads were stopped: 0.0017595 seconds, Stopping threads took: 0.0003100 seconds
2019-03-05T02:47:18.693+0000: 341.262: Application time: 0.1867186 seconds
2019-03-05T02:47:18.695+0000: 341.264: [Full GC (Allocation Failure) 2019-03-05T02:47:18.695+0000: 341.264: [CMS: 10485759K->10485760K(10485760K), 21.2147385 secs] 12373247K->12334583K(12373248K), [Metaspace: 42678K->42678K(1087488K)], 21.2151487 secs] [Times: user=21.24 sys=0.00, real=21.22 secs] 
2019-03-05T02:47:39.910+0000: 362.479: Total time for which application threads were stopped: 21.2169380 seconds, Stopping threads took: 0.0003601 seconds
2019-03-05T02:47:39.923+0000: 362.492: Application time: 0.0128093 seconds
2019-03-05T02:47:39.925+0000: 362.494: [GC (CMS Initial Mark) [1 CMS-initial-mark: 10485760K(10485760K)] 12336339K(12373248K), 1.0338350 secs] [Times: user=1.16 sys=0.00, real=1.04 secs] 
2019-03-05T02:47:40.959+0000: 363.528: Total time for which application threads were stopped: 1.0361762 seconds, Stopping threads took: 0.0002508 seconds
2019-03-05T02:47:40.959+0000: 363.528: [CMS-concurrent-mark-start]
2019-03-05T02:47:41.196+0000: 363.765: Application time: 0.2370421 seconds
2019-03-05T02:47:41.199+0000: 363.768: [Full GC (Allocation Failure) 2019-03-05T02:47:41.199+0000: 363.768: [CMS2019-03-05T02:47:47.410+0000: 369.979: [CMS-concurrent-mark: 6.448/6.450 secs] [Times: user=14.05 sys=0.00, real=6.45 secs] 
 (concurrent mode failure): 10485760K->10485759K(10485760K), 27.5499569 secs] 12373247K->12350581K(12373248K), [Metaspace: 42669K->42669K(1087488K)], 27.5503309 secs] [Times: user=33.78 sys=0.00, real=27.54 secs] 
2019-03-05T02:48:08.750+0000: 391.319: Total time for which application threads were stopped: 27.5532140 seconds, Stopping threads took: 0.0013619 seconds
2019-03-05T02:48:08.836+0000: 391.405: Application time: 0.0865806 seconds
2019-03-05T02:48:08.838+0000: 391.407: Total time for which application threads were stopped: 0.0017572 seconds, Stopping threads took: 0.0003812 seconds
2019-03-05T02:48:08.895+0000: 391.464: Application time: 0.0567092 seconds
2019-03-05T02:48:08.898+0000: 391.467: [Full GC (Allocation Failure) 2019-03-05T02:48:08.898+0000: 391.467: [CMS: 10485759K->10485759K(10485760K), 21.2680459 secs] 12372784K->12355748K(12373248K), [Metaspace: 42655K->42655K(1087488K)], 21.2684207 secs] [Times: user=21.28 sys=0.00, real=21.26 secs] 
2019-03-05T02:48:30.167+0000: 412.736: Total time for which application threads were stopped: 21.2721252 seconds, Stopping threads took: 0.0015562 seconds
2019-03-05T02:48:30.172+0000: 412.741: Application time: 0.0051062 seconds
2019-03-05T02:48:30.173+0000: 412.742: [GC (CMS Initial Mark) [1 CMS-initial-mark: 10485759K(10485760K)] 12359190K(12373248K), 1.0128904 secs] [Times: user=1.12 sys=0.00, real=1.01 secs] 
2019-03-05T02:48:31.186+0000: 413.755: Total time for which application threads were stopped: 1.0144885 seconds, Stopping threads took: 0.0001240 seconds
2019-03-05T02:48:31.186+0000: 413.756: [CMS-concurrent-mark-start]
2019-03-05T02:48:31.286+0000: 413.855: Application time: 0.0992867 seconds
2019-03-05T02:48:31.287+0000: 413.856: [Full GC (Allocation Failure) 2019-03-05T02:48:31.287+0000: 413.856: [CMS2019-03-05T02:48:37.648+0000: 420.218: [CMS-concurrent-mark: 6.460/6.462 secs] [Times: user=13.56 sys=0.00, real=6.46 secs] 
 (concurrent mode failure): 10485759K->10485760K(10485760K), 27.6138047 secs] 12373247K->12363084K(12373248K), [Metaspace: 42610K->42610K(1087488K)], 27.6141988 secs] [Times: user=34.13 sys=0.00, real=27.62 secs] 
2019-03-05T02:48:58.902+0000: 441.471: Total time for which application threads were stopped: 27.6160610 seconds, Stopping threads took: 0.0002227 seconds
2019-03-05T02:48:58.949+0000: 441.519: Application time: 0.0477233 seconds
2019-03-05T02:48:58.952+0000: 441.521: [Full GC (Allocation Failure) 2019-03-05T02:48:58.952+0000: 441.522: [CMS: 10485760K->10485759K(10485760K), 21.2198628 secs] 12373248K->12366675K(12373248K), [Metaspace: 42624K->42624K(1087488K)], 21.2202382 secs] [Times: user=21.24 sys=0.00, real=21.22 secs] 
2019-03-05T02:49:20.173+0000: 462.742: Total time for which application threads were stopped: 21.2233753 seconds, Stopping threads took: 0.0017057 seconds
2019-03-05T02:49:20.178+0000: 462.747: Application time: 0.0052911 seconds
2019-03-05T02:49:20.179+0000: 462.748: [GC (CMS Initial Mark) [1 CMS-initial-mark: 10485759K(10485760K)] 12368004K(12373248K), 1.0233492 secs] [Times: user=1.14 sys=0.00, real=1.02 secs] 
2019-03-05T02:49:21.203+0000: 463.772: Total time for which application threads were stopped: 1.0248801 seconds, Stopping threads took: 0.0001392 seconds
2019-03-05T02:49:21.203+0000: 463.772: [CMS-concurrent-mark-start]
2019-03-05T02:49:21.238+0000: 463.807: Application time: 0.0347506 seconds
2019-03-05T02:49:21.240+0000: 463.809: [Full GC (Allocation Failure) 2019-03-05T02:49:21.240+0000: 463.809: [CMS2019-03-05T02:49:27.557+0000: 470.126: [CMS-concurrent-mark: 6.352/6.354 secs] [Times: user=12.88 sys=0.00, real=6.35 secs] 
 (concurrent mode failure): 10485760K->10485759K(10485760K), 27.4532056 secs] 12373248K->12369289K(12373248K), [Metaspace: 42631K->42631K(1087488K)], 27.4535958 secs] [Times: user=33.78 sys=0.00, real=27.45 secs] 
2019-03-05T02:49:48.693+0000: 491.263: Total time for which application threads were stopped: 27.4556802 seconds, Stopping threads took: 0.0003556 seconds
2019-03-05T02:49:48.714+0000: 491.283: Application time: 0.0201855 seconds
2019-03-05T02:49:48.717+0000: 491.286: [Full GC (Allocation Failure) 2019-03-05T02:49:48.717+0000: 491.286: [CMS: 10485759K->10485759K(10485760K), 21.2495947 secs] 12372826K->12369570K(12373248K), [Metaspace: 42635K->42635K(1087488K)], 21.2499743 secs] [Times: user=21.28 sys=0.00, real=21.25 secs] 
2019-03-05T02:50:09.967+0000: 512.536: Total time for which application threads were stopped: 21.2536308 seconds, Stopping threads took: 0.0016141 seconds
2019-03-05T02:50:09.970+0000: 512.539: Application time: 0.0027071 seconds
2019-03-05T02:50:09.971+0000: 512.540: [GC (CMS Initial Mark) [1 CMS-initial-mark: 10485759K(10485760K)] 12371032K(12373248K), 1.0113159 secs] [Times: user=1.13 sys=0.00, real=1.01 secs] 
2019-03-05T02:50:10.983+0000: 513.552: Total time for which application threads were stopped: 1.0129187 seconds, Stopping threads took: 0.0001393 seconds
2019-03-05T02:50:10.983+0000: 513.552: [CMS-concurrent-mark-start]
2019-03-05T02:50:11.000+0000: 513.569: Application time: 0.0168633 seconds
2019-03-05T02:50:11.001+0000: 513.570: [Full GC (Allocation Failure) 2019-03-05T02:50:11.002+0000: 513.571: [CMS2019-03-05T02:50:17.284+0000: 519.853: [CMS-concurrent-mark: 6.299/6.301 secs] [Times: user=12.67 sys=0.00, real=6.30 secs] 
 (concurrent mode failure): 10485759K->10485758K(10485760K), 27.6732587 secs] 12373247K->12371031K(12373248K), [Metaspace: 42635K->42635K(1087488K)], 27.6736164 secs] [Times: user=33.98 sys=0.00, real=27.67 secs] 
2019-03-05T02:50:38.675+0000: 541.244: Total time for which application threads were stopped: 27.6754897 seconds, Stopping threads took: 0.0004251 seconds
2019-03-05T02:50:38.693+0000: 541.263: Application time: 0.0181834 seconds
2019-03-05T02:50:38.695+0000: 541.264: Total time for which application threads were stopped: 0.0013793 seconds, Stopping threads took: 0.0002641 seconds
2019-03-05T02:50:38.695+0000: 541.264: Application time: 0.0001038 seconds
2019-03-05T02:50:38.696+0000: 541.265: [Full GC (GCLocker Initiated GC) 2019-03-05T02:50:38.696+0000: 541.265: [CMS: 10485758K->10485760K(10485760K), 21.2105037 secs] 12373183K->12371370K(12373248K), [Metaspace: 42637K->42637K(1087488K)], 21.2108508 secs] [Times: user=21.24 sys=0.00, real=21.21 secs] 
2019-03-05T02:50:59.907+0000: 562.476: Total time for which application threads were stopped: 21.2120251 seconds, Stopping threads took: 0.0001115 seconds
2019-03-05T02:50:59.914+0000: 562.483: Application time: 0.0072823 seconds
2019-03-05T02:50:59.916+0000: 562.485: [Full GC (Allocation Failure) 2019-03-05T02:50:59.916+0000: 562.485: [CMS: 10485760K->10485758K(10485760K), 21.2250148 secs] 12373205K->12371522K(12373248K), [Metaspace: 42638K->42638K(1087488K)], 21.2253688 secs] [Times: user=21.24 sys=0.00, real=21.23 secs] 
2019-03-05T02:51:21.141+0000: 583.710: Total time for which application threads were stopped: 21.2269288 seconds, Stopping threads took: 0.0002768 seconds
2019-03-05T02:51:21.151+0000: 583.720: Application time: 0.0100619 seconds
2019-03-05T02:51:21.153+0000: 583.722: [Full GC (Allocation Failure) 2019-03-05T02:51:21.153+0000: 583.722: [CMS: 10485759K->10485757K(10485760K), 20.4880527 secs] 12373247K->12372614K(12373248K), [Metaspace: 42634K->42634K(1087488K)], 20.4884137 secs] [Times: user=20.50 sys=0.00, real=20.49 secs] 
2019-03-05T02:51:41.641+0000: 604.210: Total time for which application threads were stopped: 20.4900988 seconds, Stopping threads took: 0.0003632 seconds
2019-03-05T02:51:41.642+0000: 604.211: Application time: 0.0007568 seconds
2019-03-05T02:51:41.643+0000: 604.212: [GC (CMS Initial Mark) [1 CMS-initial-mark: 10485757K(10485760K)] 12372692K(12373248K), 1.0239430 secs] [Times: user=1.15 sys=0.00, real=1.02 secs] 
2019-03-05T02:51:42.667+0000: 605.237: Total time for which application threads were stopped: 1.0253407 seconds, Stopping threads took: 0.0000981 seconds
2019-03-05T02:51:42.668+0000: 605.237: [CMS-concurrent-mark-start]
2019-03-05T02:51:42.674+0000: 605.243: Application time: 0.0069820 seconds
2019-03-05T02:51:42.676+0000: 605.245: [Full GC (Allocation Failure) 2019-03-05T02:51:42.676+0000: 605.245: [CMS2019-03-05T02:51:48.956+0000: 611.525: [CMS-concurrent-mark: 6.287/6.289 secs] [Times: user=12.64 sys=0.00, real=6.29 secs] 
 (concurrent mode failure): 10485759K->10485759K(10485760K), 27.5782611 secs] 12373247K->12372852K(12373248K), [Metaspace: 42636K->42636K(1087488K)], 27.5786526 secs] [Times: user=33.90 sys=0.00, real=27.58 secs] 
2019-03-05T02:52:10.255+0000: 632.824: Total time for which application threads were stopped: 27.5801944 seconds, Stopping threads took: 0.0002082 seconds
2019-03-05T02:52:10.258+0000: 632.827: Application time: 0.0032628 seconds
2019-03-05T02:52:10.259+0000: 632.828: [Full GC (Allocation Failure) 2019-03-05T02:52:10.259+0000: 632.828: [CMS: 10485759K->10485760K(10485760K), 21.2940992 secs] 12373247K->12372947K(12373248K), [Metaspace: 42636K->42636K(1087488K)], 21.2944516 secs] [Times: user=21.31 sys=0.00, real=21.29 secs] 
2019-03-05T02:52:31.554+0000: 654.123: Total time for which application threads were stopped: 21.2959688 seconds, Stopping threads took: 0.0002392 seconds
2019-03-05T02:52:31.556+0000: 654.125: Application time: 0.0019242 seconds
2019-03-05T02:52:31.557+0000: 654.126: [Full GC (Allocation Failure) 2019-03-05T02:52:31.557+0000: 654.126: [CMS: 10485760K->10485759K(10485760K), 21.0385373 secs] 12373247K->12373132K(12373248K), [Metaspace: 42636K->42636K(1087488K)], 21.0388469 secs] [Times: user=21.06 sys=0.00, real=21.04 secs] 
2019-03-05T02:52:52.596+0000: 675.165: Total time for which application threads were stopped: 21.0402676 seconds, Stopping threads took: 0.0001755 seconds
2019-03-05T02:52:52.597+0000: 675.166: Application time: 0.0011987 seconds
2019-03-05T02:52:52.599+0000: 675.168: [Full GC (Allocation Failure) 2019-03-05T02:52:52.599+0000: 675.168: [CMS: 10485759K->10485759K(10485760K), 21.2838644 secs] 12373247K->12373172K(12373248K), [Metaspace: 42636K->42636K(1087488K)], 21.2841966 secs] [Times: user=21.29 sys=0.00, real=21.28 secs] 
2019-03-05T02:53:13.883+0000: 696.452: Total time for which application threads were stopped: 21.2857916 seconds, Stopping threads took: 0.0003319 seconds
2019-03-05T02:53:13.884+0000: 696.453: Application time: 0.0009281 seconds
2019-03-05T02:53:13.885+0000: 696.454: [Full GC (Allocation Failure) 2019-03-05T02:53:13.885+0000: 696.454: [CMS: 10485760K->10485759K(10485760K), 21.1823758 secs] 12373247K->12373192K(12373248K), [Metaspace: 42614K->42614K(1087488K)], 21.1827560 secs] [Times: user=21.19 sys=0.00, real=21.18 secs] 
2019-03-05T02:53:35.068+0000: 717.637: Total time for which application threads were stopped: 21.1843312 seconds, Stopping threads took: 0.0002660 seconds
2019-03-05T02:53:35.069+0000: 717.638: Application time: 0.0005264 seconds
2019-03-05T02:53:35.070+0000: 717.639: [Full GC (Allocation Failure) 2019-03-05T02:53:35.070+0000: 717.639: [CMS: 10485759K->10485759K(10485760K), 21.1504431 secs] 12373233K->12373071K(12373248K), [Metaspace: 42602K->42602K(1087488K)], 21.1508102 secs] [Times: user=21.16 sys=0.00, real=21.15 secs] 
2019-03-05T02:53:56.221+0000: 738.790: Total time for which application threads were stopped: 21.1523911 seconds, Stopping threads took: 0.0002514 seconds
2019-03-05T02:53:56.222+0000: 738.791: Application time: 0.0004798 seconds
2019-03-05T02:53:56.223+0000: 738.792: [Full GC (Allocation Failure) 2019-03-05T02:53:56.223+0000: 738.792: [CMS: 10485760K->10485760K(10485760K), 17.6738231 secs] 12373248K->12373105K(12373248K), [Metaspace: 42588K->42588K(1087488K)], 17.6741439 secs] [Times: user=17.68 sys=0.00, real=17.67 secs] 
2019-03-05T02:54:13.897+0000: 756.466: Total time for which application threads were stopped: 17.6756337 seconds, Stopping threads took: 0.0001843 seconds
2019-03-05T02:54:13.898+0000: 756.467: Application time: 0.0005284 seconds
2019-03-05T02:54:13.899+0000: 756.468: [Full GC (Allocation Failure) 2019-03-05T02:54:13.899+0000: 756.468: [CMS: 10485760K->10485759K(10485760K), 21.1480974 secs] 12373224K->12373177K(12373248K), [Metaspace: 42588K->42588K(1087488K)], 21.1484760 secs] [Times: user=21.16 sys=0.00, real=21.14 secs] 
2019-03-05T02:54:35.048+0000: 777.617: Total time for which application threads were stopped: 21.1501209 seconds, Stopping threads took: 0.0003220 seconds
2019-03-05T02:54:35.050+0000: 777.619: Application time: 0.0016222 seconds
2019-03-05T02:54:35.051+0000: 777.620: [GC (CMS Initial Mark) [1 CMS-initial-mark: 10485760K(10485760K)] 12373248K(12373248K), 1.0090202 secs] [Times: user=1.13 sys=0.00, real=1.01 secs] 
2019-03-05T02:54:36.060+0000: 778.629: Total time for which application threads were stopped: 1.0107685 seconds, Stopping threads took: 0.0002132 seconds
2019-03-05T02:54:36.060+0000: 778.630: [CMS-concurrent-mark-start]
2019-03-05T02:54:36.061+0000: 778.630: Application time: 0.0006240 seconds
019-03-05T03:01:57.362+0000: 1219.931: [GC (CMS Initial Mark) [1 CMS-initial-mark: 10485759K(10485760K)] 12372803K(12373248K), 1.0283151 secs] [Times: user=1.15 sys=0.00, real=1.03 secs] 
